  EnsembleModel.cpp
C:\Users\VR-Lab\ARME Project\AdaptiveMetronome\Source\EnsembleModel.h(102,37): warning C4244: 'initializing': conversion from 'double' to 'int', possible loss of data
  (compiling source file '../../Source/EnsembleModel.cpp')
  
C:\Users\VR-Lab\ARME Project\AdaptiveMetronome\Source\EnsembleModel.cpp(304,32): warning C4100: 'skipIntroNotes': unreferenced formal parameter
C:\Users\VR-Lab\ARME Project\AdaptiveMetronome\Source\EnsembleModel.cpp(512,27): warning C4244: 'initializing': conversion from 'double' to 'int', possible loss of data
C:\Users\VR-Lab\ARME Project\AdaptiveMetronome\Source\EnsembleModel.cpp(764,32): warning C4244: '=': conversion from 'double' to 'int', possible loss of data
C:\Users\VR-Lab\ARME Project\AdaptiveMetronome\Source\EnsembleModel.cpp(802,60): warning C4244: 'argument': conversion from 'double' to 'const _Ty', possible loss of data
C:\Users\VR-Lab\ARME Project\AdaptiveMetronome\Source\EnsembleModel.cpp(802,60): warning C4244:         with
C:\Users\VR-Lab\ARME Project\AdaptiveMetronome\Source\EnsembleModel.cpp(802,60): warning C4244:         [
C:\Users\VR-Lab\ARME Project\AdaptiveMetronome\Source\EnsembleModel.cpp(802,60): warning C4244:             _Ty=int
C:\Users\VR-Lab\ARME Project\AdaptiveMetronome\Source\EnsembleModel.cpp(802,60): warning C4244:         ]
C:\Users\VR-Lab\ARME Project\AdaptiveMetronome\Source\EnsembleModel.cpp(950,36): warning C4244: '=': conversion from 'double' to '_Ty', possible loss of data
C:\Users\VR-Lab\ARME Project\AdaptiveMetronome\Source\EnsembleModel.cpp(950,36): warning C4244:         with
C:\Users\VR-Lab\ARME Project\AdaptiveMetronome\Source\EnsembleModel.cpp(950,36): warning C4244:         [
C:\Users\VR-Lab\ARME Project\AdaptiveMetronome\Source\EnsembleModel.cpp(950,36): warning C4244:             _Ty=int
C:\Users\VR-Lab\ARME Project\AdaptiveMetronome\Source\EnsembleModel.cpp(950,36): warning C4244:         ]
C:\Users\VR-Lab\ARME Project\AdaptiveMetronome\Source\EnsembleModel.cpp(975,36): warning C4244: '=': conversion from 'double' to '_Ty', possible loss of data
C:\Users\VR-Lab\ARME Project\AdaptiveMetronome\Source\EnsembleModel.cpp(975,36): warning C4244:         with
C:\Users\VR-Lab\ARME Project\AdaptiveMetronome\Source\EnsembleModel.cpp(975,36): warning C4244:         [
C:\Users\VR-Lab\ARME Project\AdaptiveMetronome\Source\EnsembleModel.cpp(975,36): warning C4244:             _Ty=int
C:\Users\VR-Lab\ARME Project\AdaptiveMetronome\Source\EnsembleModel.cpp(975,36): warning C4244:         ]
C:\Users\VR-Lab\ARME Project\AdaptiveMetronome\Source\EnsembleModel.cpp(1045,97): warning C4100: 'delays': unreferenced formal parameter
C:\Users\VR-Lab\ARME Project\AdaptiveMetronome\Source\EnsembleModel.cpp(1045,64): warning C4100: 'onsets': unreferenced formal parameter
C:\Program Files\Microsoft Visual Studio\2022\Community\VC\Tools\MSVC\14.39.33519\include\memory(3434,56): warning C4244: 'argument': conversion from 'double' to 'float', possible loss of data
  (compiling source file '../../Source/EnsembleModel.cpp')
  C:\Program Files\Microsoft Visual Studio\2022\Community\VC\Tools\MSVC\14.39.33519\include\memory(3434,56):
  the template instantiation context (the oldest one first) is
  	C:\Users\VR-Lab\ARME Project\AdaptiveMetronome\Source\EnsembleModel.cpp(744,32):
  	see reference to function template instantiation 'std::unique_ptr<juce::AudioParameterFloat,std::default_delete<juce::AudioParameterFloat>> std::make_unique<juce::AudioParameterFloat,juce::String,juce::String,double,double,double&,0>(juce::String &&,juce::String &&,double &&,double &&,double &)' being compiled
  
C:\Program Files\Microsoft Visual Studio\2022\Community\VC\Tools\MSVC\14.39.33519\include\memory(3434,56): warning C4244: 'argument': conversion from '_Ty' to 'float', possible loss of data
C:\Program Files\Microsoft Visual Studio\2022\Community\VC\Tools\MSVC\14.39.33519\include\memory(3434,56): warning C4244:         with
C:\Program Files\Microsoft Visual Studio\2022\Community\VC\Tools\MSVC\14.39.33519\include\memory(3434,56): warning C4244:         [
C:\Program Files\Microsoft Visual Studio\2022\Community\VC\Tools\MSVC\14.39.33519\include\memory(3434,56): warning C4244:             _Ty=double
C:\Program Files\Microsoft Visual Studio\2022\Community\VC\Tools\MSVC\14.39.33519\include\memory(3434,56): warning C4244:         ]
  (compiling source file '../../Source/EnsembleModel.cpp')
  
  AdaptiveMetronome_SharedCode.vcxproj -> C:\Users\VR-Lab\ARME Project\AdaptiveMetronome\Builds\VisualStudio2022\x64\Debug\Shared Code\AdaptiveMetronome.lib
